INFO         | Android emulator version 36.4.10.0 (build_id 15004761) (CL:N/A)
INFO         | Graphics backend: gfxstream
INFO         | Found systemPath C:\Users\dev-m\AppData\Local\Android\Sdk\system-images\android-36\google_apis_playstore\x86_64\
WARNING      | Please update the emulator to one that supports the feature(s): VulkanVirtualQueue
INFO         | IPv4 server found: 127.0.2.2
INFO         | Ignore IPv6 address: 10c8:476:5b01:0:10c8:476:5b01:0
INFO         | Ignore IPv6 address: 10c8:476:5b01:0:10c8:476:5b01:0
INFO         | Ignore IPv6 address: 10c8:476:5b01:0:10c8:476:5b01:0
INFO         | Ignore IPv6 address: d8d5:476:5b01:0:10c8:476:5b01:0
INFO         | Ignore IPv6 address: d8d5:476:5b01:0:10c8:476:5b01:0
INFO         | Ignore IPv6 address: d8d5:476:5b01:0:10c8:476:5b01:0
INFO         | Ignore IPv6 address: f0db:476:5b01:0:10c8:476:5b01:0
INFO         | Ignore IPv6 address: f0db:476:5b01:0:10c8:476:5b01:0
INFO         | Ignore IPv6 address: f0db:476:5b01:0:10c8:476:5b01:0
INFO         | Ignore IPv6 address: 28ec:476:5b01:0:10c8:476:5b01:0
INFO         | Ignore IPv6 address: 28ec:476:5b01:0:10c8:476:5b01:0
INFO         | Ignore IPv6 address: 28ec:476:5b01:0:10c8:476:5b01:0
INFO         | Ignore IPv6 address: 48f2:476:5b01:0:10c8:476:5b01:0
INFO         | Ignore IPv6 address: 48f2:476:5b01:0:10c8:476:5b01:0
INFO         | Ignore IPv6 address: 48f2:476:5b01:0:10c8:476:5b01:0
INFO         | Guest GLES Driver: Auto (ext controls)
INFO         | emuglConfig_init: vulkan_mode_selected:host gles_mode_selected:host
INFO         | emuglConfig_get_vulkan_hardware_gpu_support_info: Found physical GPU 'Intel(R) UHD Graphics', type: VK_PHYSICAL_DEVICE_TYPE_INTEGRATED_GPU, apiVersion: 1.2.196, driverVersion: 0.404.1122

INFO         | Checking system compatibility:
INFO         |   Checking: hasCompatibleHypervisor
INFO         |      Ok: Hypervisor compatibility to run avd: `Pixel_8` are met
INFO         |   Checking: hasSufficientSystem
INFO         |      Ok: System requirements to run avd: `Pixel_8` are met
INFO         |   Checking: hasSufficientHwGpu
INFO         |      Ok: Hardware GPU requirements to run avd: `Pixel_8` are passed
INFO         |   Checking: hasSufficientDiskSpace
INFO         |      Ok: Disk space requirements to run avd: `Pixel_8` are met
INFO         | Critical: Failed to load opengl32sw (The specified module could not be found.) (:0, )
INFO         | Warning: Software OpenGL failed. Falling back to system OpenGL. (:0, )
INFO         | Storing crashdata in: C:\Users\dev-m\AppData\Local\Temp\\AndroidEmulator\emu-crash-36.4.10.db, detection is enabled for process: 10116
INFO         | Crash reports will be automatically uploaded to: https://clients2.google.com/cr/report
INFO         | Initializing gfxstream backend
INFO         | android_startOpenglesRenderer: gpu info
INFO         | GPU #1
  Make: 8086
  Model: Intel(R) UHD Graphics
  Device ID: 9b41

INFO         | SharedLibrary::open for [C:\Users\dev-m\AppData\Local\Android\Sdk\emulator\qemu\windows-x86_64\lib64\vulkan\vulkan-1.dll]
INFO         | SharedLibrary::open for [C:\Users\dev-m\AppData\Local\Android\Sdk\emulator\lib64\vulkan\vulkan-1.dll]
INFO         | Added library: C:\Users\dev-m\AppData\Local\Android\Sdk\emulator\lib64\vulkan\vulkan-1.dll
INFO         | Selecting Vulkan device: Intel(R) UHD Graphics, Version: 1.2.196
INFO         | Initializing VkEmulation features:
INFO         |     glInteropSupported: false
INFO         |     useDeferredCommands: true
INFO         |     createResourceWithRequirements: true
INFO         |     useVulkanComposition: false
INFO         |     useVulkanNativeSwapchain: false
INFO         |     enable guestRenderDoc: false
INFO         |     ASTC LDR emulation mode: Gpu
INFO         |     enable ETC2 emulation: true
INFO         |     enable Ycbcr emulation: false
INFO         |     guestVulkanOnly: false
INFO         |     useDedicatedAllocations: false
INFO         | Graphics Adapter Vendor Google (Intel)
INFO         | Graphics Adapter Android Emulator OpenGL ES Translator (Intel(R) UHD Graphics)
INFO         | Graphics API Version OpenGL ES 3.0 (4.5.0 - Build 30.0.101.1122)
INFO         | Graphics API Extensions GL_OES_EGL_sync GL_OES_EGL_image GL_OES_EGL_image_external GL_OES_depth24 GL_OES_depth32 GL_OES_element_index_uint GL_OES_texture_float GL_OES_texture_float_linear GL_OES_compressed_paletted_texture GL_OES_compressed_ETC1_RGB8_texture GL_OES_depth_texture GL_OES_texture_half_float GL_OES_texture_half_float_linear GL_OES_packed_depth_stencil GL_OES_vertex_half_float GL_OES_texture_npot GL_OES_rgb8_rgba8 GL_EXT_color_buffer_float GL_EXT_color_buffer_half_float GL_EXT_texture_format_BGRA8888 GL_APPLE_texture_format_BGRA8888 
INFO         | Graphics Device Extensions N/A
INFO         | Disabling sparse binding feature support
INFO         | Sending adb public key [QAAAAN15f+eLWee+5JixM7FXknc1Nj52z5D/5x1gWH2IZz8RfL1Ze4FM6sV2XwL/1qZbYdA3/ehBfYnzc+L07EyexH6NLjU04DGclPNQk/8mdRPqgTdQaGXSAWp0cD728YOV0FoHL7pADoGwrEyAxLuTdJAhme0lW2TPJqimPrR6bQVHS/bFftKcHG5D9Ehc/Pz2aGVjvA1B+wWIgEPDSmdgQL5INm+JmNrGyTgNn7bX5gmwRhdIuGhLIqdLFP5rpWrYtk2NG4LQiFjmkb2sh2Fa3d2+HIXgzKdo+PiZrh/642/9tRDbsBLkCJTBRFYsnsE3XhVt1pgA2pJKEj8t+9VrclnR5OLZtE0zhehfvjmi2NkpoaDIGAgSgEXUwSnVp+1VdTwHYS2Q1vTAQcXDrdjc/Ap2GkLwoi4WOf0A/PnGEt3zZgFrOlfxhuQ45abYGgfTGJSIDZ/ZGPhRZbaXsQeDPUVcDEf4uq6vhIR1jyGNAWeVtZ8lua7qaOMoxjl6HbRmrbaTkbQIdmBGC6G82O11874bO4iwS9hGTTtEQImM+6U9kbJ9LW8ws17MMMV57QoxVnDWuypncZUQtpmSzWP0mWcY8Z8w+npJ9xgowWjBMJpBiv/eZWzmTA6V3GgaiPazEC0JKZrqhz7Cue4bqGpxgf7cfanUwM6OvcQeAcT9bNWJpn/jqgEAAQA= @unknown]
INFO         | Userspace boot properties:
INFO         |   androidboot.boot_devices=pci0000:00/0000:00:03.0 pci0000:00/0000:00:06.0
INFO         |   androidboot.dalvik.vm.heapsize=512m
INFO         |   androidboot.debug.hwui.renderer=skiagl
INFO         |   androidboot.debug.sf.nobootanimation=1
INFO         |   androidboot.hardware=ranchu
INFO         |   androidboot.hardware.gltransport=pipe
INFO         |   androidboot.hardware.vulkan=ranchu
INFO         |   androidboot.logcat=*:V
INFO         |   androidboot.opengles.version=196608
INFO         |   androidboot.qemu=1
INFO         |   androidboot.qemu.adb.pubkey=QAAAAN15f+eLWee+5JixM7FXknc1Nj52z5D/5x1gWH2IZz8RfL1Ze4FM6sV2XwL/1qZbYdA3/ehBfYnzc+L07EyexH6NLjU04DGclPNQk/8mdRPqgTdQaGXSAWp0cD728YOV0FoHL7pADoGwrEyAxLuTdJAhme0lW2TPJqimPrR6bQVHS/bFftKcHG5D9Ehc/Pz2aGVjvA1B+wWIgEPDSmdgQL5INm+JmNrGyTgNn7bX5gmwRhdIuGhLIqdLFP5rpWrYtk2NG4LQiFjmkb2sh2Fa3d2+HIXgzKdo+PiZrh/642/9tRDbsBLkCJTBRFYsnsE3XhVt1pgA2pJKEj8t+9VrclnR5OLZtE0zhehfvjmi2NkpoaDIGAgSgEXUwSnVp+1VdTwHYS2Q1vTAQcXDrdjc/Ap2GkLwoi4WOf0A/PnGEt3zZgFrOlfxhuQ45abYGgfTGJSIDZ/ZGPhRZbaXsQeDPUVcDEf4uq6vhIR1jyGNAWeVtZ8lua7qaOMoxjl6HbRmrbaTkbQIdmBGC6G82O11874bO4iwS9hGTTtEQImM+6U9kbJ9LW8ws17MMMV57QoxVnDWuypncZUQtpmSzWP0mWcY8Z8w+npJ9xgowWjBMJpBiv/eZWzmTA6V3GgaiPazEC0JKZrqhz7Cue4bqGpxgf7cfanUwM6OvcQeAcT9bNWJpn/jqgEAAQA= @unknown
INFO         |   androidboot.qemu.avd_name=Pixel_8
INFO         |   androidboot.qemu.camera_hq_edge_processing=0
INFO         |   androidboot.qemu.camera_protocol_ver=1
INFO         |   androidboot.qemu.cpuvulkan.version=4202496
INFO         |   androidboot.qemu.gltransport.drawFlushInterval=800
INFO         |   androidboot.qemu.gltransport.name=pipe
INFO         |   androidboot.qemu.hwcodec.avcdec=2
INFO         |   androidboot.qemu.hwcodec.hevcdec=2
INFO         |   androidboot.qemu.hwcodec.vpxdec=2
INFO         |   androidboot.qemu.settings.system.screen_off_timeout=2147483647
INFO         |   androidboot.qemu.skin=pixel_8
INFO         |   androidboot.qemu.virtiowifi=1
INFO         |   androidboot.qemu.vsync=60
INFO         |   androidboot.serialno=EMULATOR36X4X10X0
INFO         |   androidboot.vbmeta.digest=43d61dbc053c8dbf3adaff951e5bdfcf174ece9dd24ffe8e6120f951cb412b2a
INFO         |   androidboot.vbmeta.hash_alg=sha256
INFO         |   androidboot.vbmeta.size=6784
INFO         |   androidboot.veritymode=enforcing
AEHD is operational
host doesn't support requested feature: CPUID.01H:ECX.xsave [bit 26]
host doesn't support requested feature: CPUID.01H:ECX.avx [bit 28]
host doesn't support requested feature: CPUID.01H:ECX.xsave [bit 26]
host doesn't support requested feature: CPUID.01H:ECX.avx [bit 28]
host doesn't support requested feature: CPUID.01H:ECX.xsave [bit 26]
host doesn't support requested feature: CPUID.01H:ECX.avx [bit 28]
host doesn't support requested feature: CPUID.01H:ECX.xsave [bit 26]
host doesn't support requested feature: CPUID.01H:ECX.avx [bit 28]
INFO         | Monitoring duration of emulator setup.
WARNING      | The emulator now requires a signed jwt token for gRPC access! Use the -grpc flag if you really want an open unprotected grpc port
INFO         | Using security allow list from: C:\Users\dev-m\AppData\Local\Android\Sdk\emulator\lib\emulator_access.json
WARNING      | *** Basic token auth should only be used by android-studio ***
INFO         | The active JSON Web Key Sets can be found here: C:\Users\dev-m\AppData\Local\Temp\avd\running\10116\jwks\be1bb3db-47d5-4157-8021-654f0080bd2c\active.jwk
INFO         | Scanning C:\Users\dev-m\AppData\Local\Temp\avd\running\10116\jwks\be1bb3db-47d5-4157-8021-654f0080bd2c for jwk keys.
INFO         | Started GRPC server at 127.0.0.1:8554, security: Local, auth: +token
INFO         | Advertising in: C:\Users\dev-m\AppData\Local\Temp\avd\running\pid_10116.ini
INFO         | Setting display: 0 configuration to: 1080x2400, dpi: 420x420 
INFO         | setDisplayActiveConfig 0
INFO         | Checking system compatibility:
INFO         |   Checking: hasCompatibleHypervisor
INFO         |      Ok: Hypervisor compatibility to run avd: `Pixel_8` are met
INFO         |   Checking: hasSufficientSystem
INFO         |      Ok: System requirements to run avd: `Pixel_8` are met
INFO         |   Checking: hasSufficientHwGpu
INFO         |      Ok: Hardware GPU requirements to run avd: `Pixel_8` are passed
INFO         |   Checking: hasSufficientDiskSpace
INFO         |      Ok: Disk space requirements to run avd: `Pixel_8` are met
USER_INFO    | Emulator is performing a full startup. This may take upto two minutes, or more.
INFO         | Warning: QMetaObject::connectSlotsByName: No matching signal for on_rgbcSensorValueWidget_valueChanged() (:0, )
INFO         | Warning: QMetaObject::connectSlotsByName: No matching signal for on_posture_valueChanged(int) (:0, )
INFO         | Warning: QObject::connect: Cannot queue arguments of type 'std::vector<android::emulation::control::SnapshotInfo>'
(Make sure 'std::vector<android::emulation::control::SnapshotInfo>' is registered using qRegisterMetaType().) (:0, )
INFO         | AVD supportsNativeGLES=1, supportsGuestAngle=1
INFO         | Guest Angle is still unstable for API > 35.
INFO         | Created extended window in 1.260097s
INFO         | Activated packet streamer for uwb emulation
INFO         | Activated packet streamer for bluetooth emulation
WARNING      | adb command 'C:\Users\dev-m\AppData\Local\Android\Sdk\platform-tools\adb.exe -s emulator-5554 shell getprop sys.boot_completed ' failed: 'adb.exe: device offline'
WARNING      | adb command 'C:\Users\dev-m\AppData\Local\Android\Sdk\platform-tools\adb.exe -s emulator-5554 shell getprop sys.boot_completed ' failed: 'adb.exe: device offline'
INFO         | Critical: UpdateLayeredWindowIndirect failed for ptDst=(525, -895), size=(375x26), dirty=(375x26 0, 0) (A device attached to the system is not functioning.) (:0, )
WARNING      | adb command 'C:\Users\dev-m\AppData\Local\Android\Sdk\platform-tools\adb.exe -s emulator-5554 shell getprop sys.boot_completed ' failed: 'adb.exe: device offline'
WARNING      | adb command 'C:\Users\dev-m\AppData\Local\Android\Sdk\platform-tools\adb.exe -s emulator-5554 shell getprop sys.boot_completed ' failed: 'adb.exe: device offline'
WARNING      | adb command 'C:\Users\dev-m\AppData\Local\Android\Sdk\platform-tools\adb.exe -s emulator-5554 shell getprop sys.boot_completed ' failed: 'adb.exe: device offline'
WARNING      | adb command 'C:\Users\dev-m\AppData\Local\Android\Sdk\platform-tools\adb.exe -s emulator-5554 shell getprop sys.boot_completed ' failed: 'adb.exe: device offline'
WARNING      | adb command 'C:\Users\dev-m\AppData\Local\Android\Sdk\platform-tools\adb.exe -s emulator-5554 shell getprop sys.boot_completed ' failed: 'adb.exe: device offline'
WARNING      | adb command 'C:\Users\dev-m\AppData\Local\Android\Sdk\platform-tools\adb.exe -s emulator-5554 shell getprop sys.boot_completed ' failed: 'adb.exe: device offline'
WARNING      | adb command 'C:\Users\dev-m\AppData\Local\Android\Sdk\platform-tools\adb.exe -s emulator-5554 shell getprop sys.boot_completed ' failed: 'adb.exe: device offline'
WARNING      | adb command 'C:\Users\dev-m\AppData\Local\Android\Sdk\platform-tools\adb.exe -s emulator-5554 shell getprop sys.boot_completed ' failed: 'adb.exe: device offline'
WARNING      | adb command 'C:\Users\dev-m\AppData\Local\Android\Sdk\platform-tools\adb.exe -s emulator-5554 shell getprop sys.boot_completed ' failed: 'adb.exe: device offline'
WARNING      | adb command 'C:\Users\dev-m\AppData\Local\Android\Sdk\platform-tools\adb.exe -s emulator-5554 shell getprop sys.boot_completed ' failed: 'adb.exe: device offline'
WARNING      | adb command 'C:\Users\dev-m\AppData\Local\Android\Sdk\platform-tools\adb.exe -s emulator-5554 shell getprop sys.boot_completed ' failed: 'adb.exe: device offline'
WARNING      | adb command 'C:\Users\dev-m\AppData\Local\Android\Sdk\platform-tools\adb.exe -s emulator-5554 shell getprop sys.boot_completed ' failed: 'adb.exe: device offline'
WARNING      | adb command 'C:\Users\dev-m\AppData\Local\Android\Sdk\platform-tools\adb.exe -s emulator-5554 shell getprop sys.boot_completed ' failed: 'adb.exe: device offline'
WARNING      | adb command 'C:\Users\dev-m\AppData\Local\Android\Sdk\platform-tools\adb.exe -s emulator-5554 shell getprop sys.boot_completed ' failed: 'adb.exe: device offline'
WARNING      | adb command 'C:\Users\dev-m\AppData\Local\Android\Sdk\platform-tools\adb.exe -s emulator-5554 shell getprop sys.boot_completed ' failed: 'adb.exe: device offline'
WARNING      | adb command 'C:\Users\dev-m\AppData\Local\Android\Sdk\platform-tools\adb.exe -s emulator-5554 shell getprop sys.boot_completed ' failed: 'adb.exe: device offline'
WARNING      | adb command 'C:\Users\dev-m\AppData\Local\Android\Sdk\platform-tools\adb.exe -s emulator-5554 shell getprop sys.boot_completed ' failed: 'adb.exe: device offline'
WARNING      | adb command 'C:\Users\dev-m\AppData\Local\Android\Sdk\platform-tools\adb.exe -s emulator-5554 shell getprop sys.boot_completed ' failed: 'adb.exe: device offline'
WARNING      | adb command 'C:\Users\dev-m\AppData\Local\Android\Sdk\platform-tools\adb.exe -s emulator-5554 shell getprop sys.boot_completed ' failed: 'adb.exe: device offline'
WARNING      | adb command 'C:\Users\dev-m\AppData\Local\Android\Sdk\platform-tools\adb.exe -s emulator-5554 shell getprop sys.boot_completed ' failed: 'adb.exe: device offline'
WARNING      | adb command 'C:\Users\dev-m\AppData\Local\Android\Sdk\platform-tools\adb.exe -s emulator-5554 shell getprop sys.boot_completed ' failed: 'adb.exe: device offline'
WARNING      | adb command 'C:\Users\dev-m\AppData\Local\Android\Sdk\platform-tools\adb.exe -s emulator-5554 shell getprop sys.boot_completed ' failed: 'adb.exe: device offline'
WARNING      | adb command 'C:\Users\dev-m\AppData\Local\Android\Sdk\platform-tools\adb.exe -s emulator-5554 shell getprop sys.boot_completed ' failed: 'adb.exe: device offline'
WARNING      | adb command 'C:\Users\dev-m\AppData\Local\Android\Sdk\platform-tools\adb.exe -s emulator-5554 shell getprop sys.boot_completed ' failed: 'adb.exe: device offline'
WARNING      | adb command 'C:\Users\dev-m\AppData\Local\Android\Sdk\platform-tools\adb.exe -s emulator-5554 shell getprop sys.boot_completed ' failed: 'adb.exe: device offline'
WARNING      | adb command 'C:\Users\dev-m\AppData\Local\Android\Sdk\platform-tools\adb.exe -s emulator-5554 shell getprop sys.boot_completed ' failed: 'adb.exe: device offline'
WARNING      | adb command 'C:\Users\dev-m\AppData\Local\Android\Sdk\platform-tools\adb.exe -s emulator-5554 shell getprop sys.boot_completed ' failed: 'adb.exe: device offline'
WARNING      | adb command 'C:\Users\dev-m\AppData\Local\Android\Sdk\platform-tools\adb.exe -s emulator-5554 shell getprop sys.boot_completed ' failed: 'adb.exe: device offline'
WARNING      | adb command 'C:\Users\dev-m\AppData\Local\Android\Sdk\platform-tools\adb.exe -s emulator-5554 shell getprop sys.boot_completed ' failed: 'adb.exe: device offline'
WARNING      | adb command 'C:\Users\dev-m\AppData\Local\Android\Sdk\platform-tools\adb.exe -s emulator-5554 shell getprop sys.boot_completed ' failed: 'adb.exe: device offline'
WARNING      | adb command 'C:\Users\dev-m\AppData\Local\Android\Sdk\platform-tools\adb.exe -s emulator-5554 shell getprop sys.boot_completed ' failed: 'adb.exe: device offline'
WARNING      | adb command 'C:\Users\dev-m\AppData\Local\Android\Sdk\platform-tools\adb.exe -s emulator-5554 shell getprop sys.boot_completed ' failed: 'adb.exe: device offline'
WARNING      | adb command 'C:\Users\dev-m\AppData\Local\Android\Sdk\platform-tools\adb.exe -s emulator-5554 shell getprop sys.boot_completed ' failed: 'adb.exe: device offline'
WARNING      | adb command 'C:\Users\dev-m\AppData\Local\Android\Sdk\platform-tools\adb.exe -s emulator-5554 shell getprop sys.boot_completed ' failed: 'adb.exe: device offline'
WARNING      | adb command 'C:\Users\dev-m\AppData\Local\Android\Sdk\platform-tools\adb.exe -s emulator-5554 shell getprop sys.boot_completed ' failed: 'adb.exe: device offline'
WARNING      | adb command 'C:\Users\dev-m\AppData\Local\Android\Sdk\platform-tools\adb.exe -s emulator-5554 shell getprop sys.boot_completed ' failed: 'adb.exe: device offline'
WARNING      | adb command 'C:\Users\dev-m\AppData\Local\Android\Sdk\platform-tools\adb.exe -s emulator-5554 shell getprop sys.boot_completed ' failed: 'adb.exe: device offline'
WARNING      | adb command 'C:\Users\dev-m\AppData\Local\Android\Sdk\platform-tools\adb.exe -s emulator-5554 shell getprop sys.boot_completed ' failed: 'adb.exe: device offline'
WARNING      | adb command 'C:\Users\dev-m\AppData\Local\Android\Sdk\platform-tools\adb.exe -s emulator-5554 shell getprop sys.boot_completed ' failed: 'adb.exe: device offline'
WARNING      | adb command 'C:\Users\dev-m\AppData\Local\Android\Sdk\platform-tools\adb.exe -s emulator-5554 shell getprop sys.boot_completed ' failed: 'adb.exe: device offline'
WARNING      | adb command 'C:\Users\dev-m\AppData\Local\Android\Sdk\platform-tools\adb.exe -s emulator-5554 shell getprop sys.boot_completed ' failed: 'adb.exe: device offline'
WARNING      | adb command 'C:\Users\dev-m\AppData\Local\Android\Sdk\platform-tools\adb.exe -s emulator-5554 shell getprop sys.boot_completed ' failed: 'adb.exe: device offline'
WARNING      | adb command 'C:\Users\dev-m\AppData\Local\Android\Sdk\platform-tools\adb.exe -s emulator-5554 shell getprop sys.boot_completed ' failed: 'adb.exe: device offline'
WARNING      | adb command 'C:\Users\dev-m\AppData\Local\Android\Sdk\platform-tools\adb.exe -s emulator-5554 shell getprop sys.boot_completed ' failed: 'adb.exe: device offline'
WARNING      | adb command 'C:\Users\dev-m\AppData\Local\Android\Sdk\platform-tools\adb.exe -s emulator-5554 shell getprop sys.boot_completed ' failed: 'adb.exe: device offline'
WARNING      | adb command 'C:\Users\dev-m\AppData\Local\Android\Sdk\platform-tools\adb.exe -s emulator-5554 shell getprop sys.boot_completed ' failed: 'adb.exe: device offline'
WARNING      | adb command 'C:\Users\dev-m\AppData\Local\Android\Sdk\platform-tools\adb.exe -s emulator-5554 shell getprop sys.boot_completed ' failed: 'adb.exe: device offline'
WARNING      | adb command 'C:\Users\dev-m\AppData\Local\Android\Sdk\platform-tools\adb.exe -s emulator-5554 shell getprop sys.boot_completed ' failed: 'adb.exe: device offline'
WARNING      | adb command 'C:\Users\dev-m\AppData\Local\Android\Sdk\platform-tools\adb.exe -s emulator-5554 shell getprop sys.boot_completed ' failed: 'adb.exe: device offline'
WARNING      | adb command 'C:\Users\dev-m\AppData\Local\Android\Sdk\platform-tools\adb.exe -s emulator-5554 shell getprop sys.boot_completed ' failed: 'adb.exe: device offline'
WARNING      | adb command 'C:\Users\dev-m\AppData\Local\Android\Sdk\platform-tools\adb.exe -s emulator-5554 shell getprop sys.boot_completed ' failed: 'adb.exe: device offline'
WARNING      | adb command 'C:\Users\dev-m\AppData\Local\Android\Sdk\platform-tools\adb.exe -s emulator-5554 shell getprop sys.boot_completed ' failed: 'adb.exe: device offline'
WARNING      | adb command 'C:\Users\dev-m\AppData\Local\Android\Sdk\platform-tools\adb.exe -s emulator-5554 shell getprop sys.boot_completed ' failed: 'adb.exe: device offline'
WARNING      | adb command 'C:\Users\dev-m\AppData\Local\Android\Sdk\platform-tools\adb.exe -s emulator-5554 shell getprop sys.boot_completed ' failed: 'adb.exe: device offline'
WARNING      | adb command 'C:\Users\dev-m\AppData\Local\Android\Sdk\platform-tools\adb.exe -s emulator-5554 shell getprop sys.boot_completed ' failed: 'adb.exe: device offline'
WARNING      | adb command 'C:\Users\dev-m\AppData\Local\Android\Sdk\platform-tools\adb.exe -s emulator-5554 shell getprop sys.boot_completed ' failed: 'adb.exe: device offline'
WARNING      | adb command 'C:\Users\dev-m\AppData\Local\Android\Sdk\platform-tools\adb.exe -s emulator-5554 shell getprop sys.boot_completed ' failed: 'adb.exe: device offline'
WARNING      | adb command 'C:\Users\dev-m\AppData\Local\Android\Sdk\platform-tools\adb.exe -s emulator-5554 shell getprop sys.boot_completed ' failed: 'adb.exe: device offline'
WARNING      | adb command 'C:\Users\dev-m\AppData\Local\Android\Sdk\platform-tools\adb.exe -s emulator-5554 shell getprop sys.boot_completed ' failed: 'adb.exe: device offline'
WARNING      | adb command 'C:\Users\dev-m\AppData\Local\Android\Sdk\platform-tools\adb.exe -s emulator-5554 shell getprop sys.boot_completed ' failed: 'adb.exe: device offline'
WARNING      | adb command 'C:\Users\dev-m\AppData\Local\Android\Sdk\platform-tools\adb.exe -s emulator-5554 shell getprop sys.boot_completed ' failed: 'adb.exe: device offline'
WARNING      | adb command 'C:\Users\dev-m\AppData\Local\Android\Sdk\platform-tools\adb.exe -s emulator-5554 shell getprop sys.boot_completed ' failed: 'adb.exe: device offline'
WARNING      | adb command 'C:\Users\dev-m\AppData\Local\Android\Sdk\platform-tools\adb.exe -s emulator-5554 shell getprop sys.boot_completed ' failed: 'adb.exe: device offline'
WARNING      | adb command 'C:\Users\dev-m\AppData\Local\Android\Sdk\platform-tools\adb.exe -s emulator-5554 shell getprop sys.boot_completed ' failed: 'adb.exe: device offline'
WARNING      | adb command 'C:\Users\dev-m\AppData\Local\Android\Sdk\platform-tools\adb.exe -s emulator-5554 shell getprop sys.boot_completed ' failed: 'adb.exe: device offline'
WARNING      | adb command 'C:\Users\dev-m\AppData\Local\Android\Sdk\platform-tools\adb.exe -s emulator-5554 shell getprop sys.boot_completed ' failed: 'adb.exe: device offline'
WARNING      | adb command 'C:\Users\dev-m\AppData\Local\Android\Sdk\platform-tools\adb.exe -s emulator-5554 shell getprop sys.boot_completed ' failed: 'adb.exe: device offline'
WARNING      | adb command 'C:\Users\dev-m\AppData\Local\Android\Sdk\platform-tools\adb.exe -s emulator-5554 shell getprop sys.boot_completed ' failed: 'adb.exe: device offline'
WARNING      | adb command 'C:\Users\dev-m\AppData\Local\Android\Sdk\platform-tools\adb.exe -s emulator-5554 shell getprop sys.boot_completed ' failed: 'adb.exe: device offline'
WARNING      | adb command 'C:\Users\dev-m\AppData\Local\Android\Sdk\platform-tools\adb.exe -s emulator-5554 shell getprop sys.boot_completed ' failed: 'adb.exe: device offline'
WARNING      | adb command 'C:\Users\dev-m\AppData\Local\Android\Sdk\platform-tools\adb.exe -s emulator-5554 shell getprop sys.boot_completed ' failed: 'adb.exe: device offline'
WARNING      | adb command 'C:\Users\dev-m\AppData\Local\Android\Sdk\platform-tools\adb.exe -s emulator-5554 shell getprop sys.boot_completed ' failed: 'adb.exe: device offline'
WARNING      | adb command 'C:\Users\dev-m\AppData\Local\Android\Sdk\platform-tools\adb.exe -s emulator-5554 shell getprop sys.boot_completed ' failed: 'adb.exe: device offline'
WARNING      | adb command 'C:\Users\dev-m\AppData\Local\Android\Sdk\platform-tools\adb.exe -s emulator-5554 shell getprop sys.boot_completed ' failed: 'adb.exe: device offline'
INFO         | Critical: UpdateLayeredWindowIndirect failed for ptDst=(525, -895), size=(375x26), dirty=(375x26 0, 0) (A device attached to the system is not functioning.) (:0, )
WARNING      | adb command 'C:\Users\dev-m\AppData\Local\Android\Sdk\platform-tools\adb.exe -s emulator-5554 shell getprop sys.boot_completed ' failed: 'adb.exe: device offline'
